[INFO] Scanning for projects...
[INFO] 
[INFO] --------------------< com.example:task-management >---------------------
[INFO] Building task-management 0.0.1-SNAPSHOT
[INFO]   from pom.xml
[INFO] --------------------------------[ jar ]---------------------------------
[INFO] 
[INFO] --- clean:3.4.1:clean (default-clean) @ task-management ---
[INFO] Deleting C:\Users\heyit\Desktop\task-management\target
[INFO] 
[INFO] --- resources:3.3.1:resources (default-resources) @ task-management ---
[INFO] Copying 1 resource from src\main\resources to target\classes
[INFO] Copying 0 resource from src\main\resources to target\classes
[INFO] 
[INFO] --- compiler:3.14.1:compile (default-compile) @ task-management ---
[INFO] Recompiling the module because of changed source code.
[INFO] Compiling 30 source files with javac [debug parameters release 25] to target\classes
mvn : WARNING: A terminally 
deprecated method in 
sun.misc.Unsafe has been called
At line:1 char:1
+ mvn clean compile 2>&1 | 
Tee-Object -FilePath 
build_output.txt; Write ...
+ ~~~~~~~~~~~~~~~~~~~~~~
    + CategoryInfo          : 
NotSpecified: (WARNING: A term  
  ...has been called:String) 
[], RemoteException
    + FullyQualifiedErrorId : 
NativeCommandError
 
WARNING: sun.misc.Unsafe::object
FieldOffset has been called by 
lombok.permit.Permit
WARNING: Please consider 
reporting this to the 
maintainers of class 
lombok.permit.Permit
WARNING: sun.misc.Unsafe::object
FieldOffset will be removed in 
a future release
[INFO] /C:/Users/heyit/Desktop/task-management/src/main/java/com/example/taskmanagement/security/SecurityConfig.java: C:\Users\heyit\Desktop\task-management\src\main\java\com\example\taskmanagement\security\SecurityConfig.java uses or overrides a deprecated API.
[INFO] /C:/Users/heyit/Desktop/task-management/src/main/java/com/example/taskmanagement/security/SecurityConfig.java: Recompile with -Xlint:deprecation for details.
[INFO] ------------------------------------------------------------------------
[INFO] BUILD SUCCESS
[INFO] ------------------------------------------------------------------------
[INFO] Total time:  3.261 s
[INFO] Finished at: 2026-04-04T02:07:49+05:30
[INFO] ------------------------------------------------------------------------
